/* src/Dummy.svelte generated by Svelte vXXX */
import {
	SvelteComponent as SvelteComponent$,
	append as append$,
	attr as attr$,
	detach as detach$,
	element as element$,
	init as init$,
	insert as insert$,
	listen as listen$,
	noop as noop$,
	safe_not_equal as safe_not_equal$,
	set_data as set_data$,
	text as text$
} from "/node_modules/.vite/deps/svelte_internal.js?v=XXX";

function create_fragment(ctx) {
	let button$;
	let t0$;
	let t1$;
	let t2$;
	let mounted;
	let dispose;

	return {
		c() {
			button$ = element$("button");
			t0$ = text$(/*name*/ ctx[0]);
			t1$ = text$(" clicks: ");
			t2$ = text$(/*clicks*/ ctx[1]);
			attr$(button$, "class", "svelte-d8vj6a");
		},
		m(target, anchor) {
			insert$(target, button$, anchor);
			append$(button$, t0$);
			append$(button$, t1$);
			append$(button$, t2$);

			if (!mounted) {
				dispose = listen$(button$, "click", /*click_handler$*/ ctx[2]);
				mounted = true;
			}
		},
		p(ctx, [dirty]) {
			if (dirty & /*name*/ 1) set_data$(t0$, /*name*/ ctx[0]);
			if (dirty & /*clicks*/ 2) set_data$(t2$, /*clicks*/ ctx[1]);
		},
		i: noop$,
		o: noop$,
		d(detaching) {
			if (detaching) detach$(button$);
			mounted = false;
			dispose();
		}
	};
}

function instance$($$self, $$props, $$invalidate) {
	let { name } = $$props;
	let clicks = 0;

	const click_handler$ = () => {
		$$invalidate(1, clicks++, clicks);
	};

	$$self.$$set = $$props => {
		if ('name' in $$props) $$invalidate(0, name = $$props.name);
	};

	return [name, clicks, click_handler$];
}

class Dummy$ extends SvelteComponent$ {
	constructor(options) {
		super();
		init$(this, options, instance$, create_fragment, safe_not_equal$, { name: 0 });
	}
}

export default Dummy$;

//# sourceMappingURL=data:application/json;charset=utf-8;base64,eyJ2ZXJzaW9uIjozLCJtYXBwaW5ncyI6Ijs7Ozs7Ozs7Ozs7Ozs7Ozs7Ozs7Ozs7Ozs7O3dCQVFLLEdBQUk7ZUFBQyxXQUFTOzBCQUFDLEdBQU07Ozs7R0FIMUIsT0FJQTs7Ozs7Ozs7Ozs7bURBREssR0FBSTt1REFBVyxHQUFNOzs7Ozs7Ozs7Ozs7O09BUGQsSUFBQTtLQUNQLE1BQUEsR0FBUyxDQUFBOzs7a0JBS1osTUFBTTs7Ozs7Ozs7Ozs7Ozs7Ozs7IiwibmFtZXMiOltdLCJzb3VyY2VzIjpbIkR1bW15LnN2ZWx0ZSJdfQ==
