import "svelte/internal/disclose-version";
import * as $ from "svelte/internal/client";

var root = $.template(`<button class="svelte-d8vj6a"> </button>`);

const $$css = {
	hash: "svelte-d8vj6a",
	code: "button.svelte-d8vj6a {\n  color: #000099;\n}"
};

export default function Dummy($$anchor, $$props) {
	$.push($$props, false);
	$.append_styles($$anchor, $$css);

	let name = $.prop($$props, "name", 12);
	let clicks = $.mutable_state(0);
	var button = root();
	var text = $.child(button);

	$.reset(button);
	$.template_effect(() => $.set_text(text, `${name() ?? ""} clicks: ${$.get(clicks) ?? ""}`));

	$.event("click", button, () => {
		$.update(clicks);
	});

	$.append($$anchor, button);

	return $.pop({
		get name() {
			return name();
		},
		set name($$value) {
			name($$value);
			$.flush_sync();
		}
	});
}

$.create_custom_element(Dummy, { name: {} }, [], [], true);