button.svelte-d8vj6a {
  color: #000099;
}

/*# sourceMappingURL=data:application/json;charset=utf-8;base64,eyJ2ZXJzaW9uIjozLCJmaWxlIjoiRHVtbXkuc3ZlbHRlIiwibWFwcGluZ3MiOiJBQVdrQiIsIm5hbWVzIjpbXSwic291cmNlcyI6WyJEdW1teS5zdmVsdGUiXX0= */
