import "/node_modules/.vite/deps/svelte_internal_disclose-version.js?v=XXX";
import * as $ from "/node_modules/.vite/deps/svelte_internal_client.js?v=XXX";

var root = $.template(`<button class="svelte-d8vj6a"> </button>`);

export default function Dummy($$anchor, $$props) {
	let name = $.prop($$props, "name");
	let clicks = $.mutable_source(0);
	var button = root();
	var text = $.child(button);

	$.template_effect(() => $.set_text(text, `${$.stringify(name())} clicks: ${$.stringify($.get(clicks))}`));

	$.event(
		"click",
		button,
		() => {
			$.update(clicks);
		},
		false
	);

	$.append($$anchor, button);
}

//# sourceMappingURL=data:application/json;charset=utf-8;base64,eyJ2ZXJzaW9uIjozLCJtYXBwaW5ncyI6Ijs7Ozs7O0tBQ1ksSUFBWTtLQUNuQixNQUFNLG9CQUFHLENBQUM7Ozs7eURBTVYsSUFBSSxpQ0FBVyxNQUFNIiwibmFtZXMiOltdLCJzb3VyY2VzIjpbIkR1bW15LnN2ZWx0ZSJdfQ==
