export const ast={"html":{"type":"Fragment","start":73,"end":149,"children":[{"type":"Text","start":71,"end":73,"raw":"\n\n","data":"\n\n"},{"type":"Element","start":73,"end":149,"name":"button","attributes":[{"start":82,"end":115,"type":"EventHandler","name":"click","modifiers":[],"expression":{"type":"ArrowFunctionExpression","start":92,"end":114,"loc":{"start":{"line":7,"column":11},"end":{"line":9,"column":2}},"id":null,"expression":false,"generator":false,"async":false,"params":[],"body":{"type":"BlockStatement","start":98,"end":114,"loc":{"start":{"line":7,"column":17},"end":{"line":9,"column":2}},"body":[{"type":"ExpressionStatement","start":102,"end":111,"loc":{"start":{"line":8,"column":2},"end":{"line":8,"column":11}},"expression":{"type":"UpdateExpression","start":102,"end":110,"loc":{"start":{"line":8,"column":2},"end":{"line":8,"column":10}},"operator":"++","prefix":false,"argument":{"type":"Identifier","start":102,"end":108,"loc":{"start":{"line":8,"column":2},"end":{"line":8,"column":8}},"name":"clicks"}}}]},"metadata":{"hoisted":false,"hoisted_params":[],"scope":{"root":{"conflicts":{}},"parent":{"root":{"conflicts":{}},"parent":{"root":{"conflicts":{}},"parent":{"root":{"conflicts":{}},"parent":{"root":{"conflicts":{}},"parent":{"root":{"conflicts":{}},"parent":null,"declarations":{},"declarators":{},"references":{},"function_depth":0},"declarations":{},"declarators":{},"references":{},"function_depth":1},"declarations":{},"declarators":{},"references":{},"function_depth":2},"declarations":{},"declarators":{},"references":{},"function_depth":3},"declarations":{},"declarators":{},"references":{},"function_depth":4},"declarations":{},"declarators":{},"references":{},"function_depth":5}}}},{"type":"Attribute","start":-1,"end":-1,"name":"class","value":[{"type":"Text","data":"svelte-d8vj6a","raw":"svelte-d8vj6a","start":-1,"end":-1}]}],"children":[{"type":"MustacheTag","start":116,"end":122,"expression":{"type":"Identifier","start":117,"end":121,"loc":{"start":{"line":9,"column":5},"end":{"line":9,"column":9}},"name":"name"}},{"type":"Text","start":122,"end":131,"raw":" clicks: ","data":" clicks: "},{"type":"MustacheTag","start":131,"end":139,"expression":{"type":"Identifier","start":132,"end":138,"loc":{"start":{"line":9,"column":20},"end":{"line":9,"column":26}},"name":"clicks"}}]},{"type":"Text","start":149,"end":151,"raw":"\n\n","data":"\n\n"}]},"instance":{"type":"Script","start":0,"end":71,"context":"default","content":{"type":"Program","start":18,"end":62,"loc":{"start":{"line":1,"column":0},"end":{"line":4,"column":0}},"body":[{"type":"ExportNamedDeclaration","start":20,"end":44,"loc":{"start":{"line":2,"column":1},"end":{"line":2,"column":25}},"exportKind":"value","declaration":{"type":"VariableDeclaration","start":27,"end":44,"loc":{"start":{"line":2,"column":8},"end":{"line":2,"column":25}},"declarations":[{"type":"VariableDeclarator","start":31,"end":43,"loc":{"start":{"line":2,"column":12},"end":{"line":2,"column":24}},"id":{"type":"Identifier","start":31,"end":35,"loc":{"start":{"line":2,"column":12},"end":{"line":2,"column":24}},"name":"name","typeAnnotation":{"type":"EmptyStatement"}},"init":null}],"kind":"let"},"specifiers":[],"source":null},{"type":"VariableDeclaration","start":46,"end":61,"loc":{"start":{"line":3,"column":1},"end":{"line":3,"column":16}},"declarations":[{"type":"VariableDeclarator","start":50,"end":60,"loc":{"start":{"line":3,"column":5},"end":{"line":3,"column":15}},"id":{"type":"Identifier","start":50,"end":56,"loc":{"start":{"line":3,"column":5},"end":{"line":3,"column":11}},"name":"clicks"},"init":{"type":"Literal","start":59,"end":60,"loc":{"start":{"line":3,"column":14},"end":{"line":3,"column":15}},"value":0,"raw":"0"}}],"kind":"let"}],"sourceType":"module"}},"css":{"type":"Style","start":151,"end":206,"attributes":[{"type":"Attribute","start":158,"end":169,"name":"lang","value":[{"start":164,"end":168,"type":"Text","raw":"scss","data":"scss"}]}],"children":[{"type":"Rule","prelude":{"type":"SelectorList","start":170,"end":176,"children":[{"type":"Selector","start":170,"end":176,"children":[{"type":"TypeSelector","name":"button","start":170,"end":176}]}]},"block":{"type":"Block","start":177,"end":198,"children":[{"type":"Declaration","start":181,"end":195,"property":"color","value":"#000099"}]},"start":170,"end":198}],"content":{"start":170,"end":198,"styles":"button {\n  color: #000099;\n}","comment":null}}}
export const css={"code":"button.svelte-d8vj6a {\n  color: #000099;\n}","map":{"version":3,"file":"Dummy.svelte","mappings":"AAWkB","names":[],"ignoreList":[],"sources":["Dummy.svelte"]}}
export const dependencies=[]
export const js={"code":"import \"svelte/internal/disclose-version\";\nimport * as $ from \"svelte/internal/client\";\n\nvar root = $.template(`<button class=\"svelte-d8vj6a\"> </button>`);\n\nexport default function Dummy($$anchor, $$props) {\n\tlet name = $.prop($$props, \"name\", 8);\n\tlet clicks = $.mutable_state(0);\n\tvar button = root();\n\tvar text = $.child(button);\n\n\t$.reset(button);\n\t$.template_effect(() => $.set_text(text, `${name() ?? \"\"} clicks: ${$.get(clicks) ?? \"\"}`));\n\n\t$.event(\"click\", button, () => {\n\t\t$.update(clicks);\n\t});\n\n\t$.append($$anchor, button);\n}","map":{"version":3,"mappings":";;;;;;KACY,IAAY;KACnB,MAAM,mBAAG,CAAC;;;;;6CAMV,IAAI,0BAAW,MAAM;;;WADxB,MAAM","names":[],"ignoreList":[],"sources":["Dummy.svelte"]}}
export const lang="ts"
export const metadata={"runes":false}
export const normalizedFilename="/src/Dummy.svelte"
export const preprocessed={"code":"<script lang=\"ts\">\n\texport let name: string;\n\tlet clicks = 0;\n</script>\n\n<button\n\ton:click={() => {\n\t\tclicks++;\n\t}}>{name} clicks: {clicks}</button\n>\n\n<style lang=\"scss\">button {\n  color: #000099;\n}</style>\n","dependencies":[],"map":{"version":3,"mappings":"AAAA,CAAC,MAAM,CAAC,IAAI,CAAC,CAAC,EAAE,CAAC;AACjB,CAAC,MAAM,CAAC,GAAG,CAAC,IAAI,CAAC,CAAC,MAAM;AACxB,CAAC,GAAG,CAAC,MAAM,CAAC,CAAC,CAAC,CAAC;AACf,CAAC,CAAC,MAAM;;AAER,CAAC;AACD,CAAC,EAAE,CAAC,KAAK,CAAC,CAAC,CAAC,CAAC,CAAC,CAAC,CAAC,CAAC;AACjB,EAAE,MAAM,CAAC,CAAC;AACV,CAAC,CAAC,CAAC,CAAC,CAAC,IAAI,CAAC,CAAC,MAAM,CAAC,CAAC,CAAC,MAAM,CAAC,CAAC,CAAC;AAC7B;;AAEA,CAAC,KAAK,CAAC,IAAI,CAAC,CAAC,IAAI,CAAC;;CAMlB,CAAC,CAAC,KAAK","names":[],"ignoreList":[],"sources":["Dummy.svelte"]}}
export const source="<script lang=\"ts\">\n\texport let name: string;\n\tlet clicks = 0;\n</script>\n\n<button\n\ton:click={() => {\n\t\tclicks++;\n\t}}>{name} clicks: {clicks}</button\n>\n\n<style lang=\"scss\">\n\t@use 'sass:color';\n\t$blue: blue;\n\tbutton {\n\t\tcolor: color.adjust($blue, $lightness: -20%);\n\t}\n</style>\n"
export const ssr=false
export const warnings=[]
