export const code="<script lang=\"ts\">\n\texport let name: string;\n\tlet clicks = 0;\n</script>\n\n<button\n\ton:click={() => {\n\t\tclicks++;\n\t}}>{name} clicks: {clicks}</button\n>\n\n<style lang=\"scss\">button {\n  color: #000099;\n}</style>\n"
export const dependencies=[]
export const map={"version":3,"mappings":"AAAA,CAAC,MAAM,CAAC,IAAI,CAAC,CAAC,EAAE,CAAC;AACjB,CAAC,MAAM,CAAC,GAAG,CAAC,IAAI,CAAC,CAAC,MAAM;AACxB,CAAC,GAAG,CAAC,MAAM,CAAC,CAAC,CAAC,CAAC;AACf,CAAC,CAAC,MAAM;;AAER,CAAC;AACD,CAAC,EAAE,CAAC,KAAK,CAAC,CAAC,CAAC,CAAC,CAAC,CAAC,CAAC,CAAC;AACjB,EAAE,MAAM,CAAC,CAAC;AACV,CAAC,CAAC,CAAC,CAAC,CAAC,IAAI,CAAC,CAAC,MAAM,CAAC,CAAC,CAAC,MAAM,CAAC,CAAC,CAAC;AAC7B;;AAEA,CAAC,KAAK,CAAC,IAAI,CAAC,CAAC,IAAI,CAAC;;CAMlB,CAAC,CAAC,KAAK","names":[],"ignoreList":[],"sources":["Dummy.svelte"]}
export default code
