export const code="button.svelte-d8vj6a {\n  color: #000099;\n}"
export const map={"version":3,"file":"Dummy.svelte","mappings":"AAWkB","names":[],"sources":["Dummy.svelte"]}
export default code
