export const code="import \"svelte/internal/disclose-version\";\nimport * as $ from \"svelte/internal/client\";\n\nvar root = $.template(`<button class=\"svelte-d8vj6a\"> </button>`);\n\nexport default function Dummy($$anchor, $$props) {\n\tlet clicks = $.mutable_source(0);\n\tvar button = root();\n\tvar text = $.child(button);\n\n\t$.render_effect(() => $.set_text(text, `${$.stringify($$props.name)} clicks: ${$.stringify($.get(clicks))}`));\n\n\t$.event(\n\t\t\"click\",\n\t\tbutton,\n\t\t() => {\n\t\t\t$.update(clicks);\n\t\t},\n\t\tfalse\n\t);\n\n\t$.append($$anchor, button);\n}"
export const map={"version":3,"mappings":";;;;;;KAEK,MAAM,oBAAG,CAAC;;;;+DAMV,IAAI,+BAAW,MAAM","names":[],"sources":["Dummy.svelte"]}
export default code
