import "svelte/internal/disclose-version";
import * as $ from "svelte/internal/client";

var root = $.template(`<button class="svelte-d8vj6a"> </button>`);

export default function Dummy($$anchor, $$props) {
	let name = $.prop($$props, "name");
	let clicks = $.mutable_source(0);
	var button = root();
	var text = $.child(button);

	$.template_effect(() => $.set_text(text, `${name() ?? ""} clicks: ${$.get(clicks) ?? ""}`));

	$.event(
		"click",
		button,
		() => {
			$.update(clicks);
		},
		false
	);

	$.append($$anchor, button);
}