import "svelte/internal/disclose-version";
import * as $ from "svelte/internal/client";

var root = $.template(`<button class="svelte-d8vj6a"> </button>`);

export default function Dummy($$anchor, $$props) {
	let name = $.prop($$props, "name", 8);
	let clicks = $.mutable_state(0);
	var button = root();
	var text = $.child(button);

	$.reset(button);
	$.template_effect(() => $.set_text(text, `${name() ?? ""} clicks: ${$.get(clicks) ?? ""}`));

	$.event("click", button, () => {
		$.update(clicks);
	});

	$.append($$anchor, button);
}