import "svelte/internal/disclose-version";
import * as $ from "svelte/internal/client";

var root = $.template(`<button class="svelte-d8vj6a"> </button>`);

export default function Dummy($$anchor, $$props) {
	$.push($$props, false);

	let name = $.prop($$props, "name", 4);
	let clicks = $.mutable_source(0);
	var button = root();
	var text = $.child(button);

	$.render_effect(() => $.set_text(text, `${$.stringify(name())} clicks: ${$.stringify($.get(clicks))}`));

	$.event(
		"click",
		button,
		() => {
			$.update(clicks);
		},
		false
	);

	$.append($$anchor, button);
	$.append_styles($$anchor, "svelte-d8vj6a", "button.svelte-d8vj6a {\n  color: #000099;\n}");

	return $.pop({
		get name() {
			return name();
		},
		set name($$value) {
			name($$value);
			$.flush_sync();
		}
	});
}

$.create_custom_element(Dummy, { name: {} }, [], [], true);