export const ast={"html":{"start":62,"end":138,"type":"Fragment","children":[{"start":60,"end":62,"type":"Text","raw":"\n\n","data":"\n\n"},{"start":62,"end":138,"type":"Element","name":"button","attributes":[{"start":71,"end":104,"type":"EventHandler","name":"click","modifiers":[],"expression":{"type":"ArrowFunctionExpression","start":81,"end":103,"loc":{"start":{"line":6,"column":11},"end":{"line":8,"column":2}},"id":null,"expression":false,"generator":false,"async":false,"params":[],"body":{"type":"BlockStatement","start":87,"end":103,"loc":{"start":{"line":6,"column":17},"end":{"line":8,"column":2}},"body":[{"type":"ExpressionStatement","start":91,"end":100,"loc":{"start":{"line":7,"column":2},"end":{"line":7,"column":11}},"expression":{"type":"UpdateExpression","start":91,"end":99,"loc":{"start":{"line":7,"column":2},"end":{"line":7,"column":10}},"operator":"++","prefix":false,"argument":{"type":"Identifier","start":91,"end":97,"loc":{"start":{"line":7,"column":2},"end":{"line":7,"column":8}},"name":"clicks"}}}]}}}],"children":[{"start":105,"end":111,"type":"MustacheTag","expression":{"type":"Identifier","start":106,"end":110,"loc":{"start":{"line":8,"column":5},"end":{"line":8,"column":9}},"name":"name"}},{"start":111,"end":120,"type":"Text","raw":" clicks: ","data":" clicks: "},{"start":120,"end":128,"type":"MustacheTag","expression":{"type":"Identifier","start":121,"end":127,"loc":{"start":{"line":8,"column":20},"end":{"line":8,"column":26}},"name":"clicks"}}]},{"start":138,"end":140,"type":"Text","raw":"\n\n","data":"\n\n"}]},"css":{"type":"Style","start":140,"end":195,"attributes":[{"start":147,"end":158,"type":"Attribute","name":"lang","value":[{"start":153,"end":157,"type":"Text","raw":"scss","data":"scss"}]}],"children":[{"type":"Rule","prelude":{"type":"SelectorList","children":[{"type":"Selector","children":[{"type":"TypeSelector","name":"button","start":159,"end":165}],"start":159,"end":165}],"start":159,"end":165},"block":{"type":"Block","children":[{"type":"Declaration","important":false,"property":"color","value":{"type":"Value","children":[{"type":"Hash","value":"000099","start":177,"end":184}],"start":177,"end":184},"start":170,"end":184}],"start":166,"end":187},"start":159,"end":187}],"content":{"start":159,"end":187,"styles":"button {\n  color: #000099;\n}"}},"instance":{"type":"Script","start":0,"end":60,"context":"default","content":{"type":"Program","start":18,"end":51,"loc":{"start":{"line":1,"column":0},"end":{"line":3,"column":0}},"body":[{"type":"ExportNamedDeclaration","start":18,"end":34,"loc":{"start":{"line":1,"column":18},"end":{"line":1,"column":34}},"declaration":{"type":"VariableDeclaration","start":25,"end":34,"loc":{"start":{"line":1,"column":25},"end":{"line":1,"column":34}},"declarations":[{"type":"VariableDeclarator","start":29,"end":33,"loc":{"start":{"line":1,"column":29},"end":{"line":1,"column":33}},"id":{"type":"Identifier","start":29,"end":33,"loc":{"start":{"line":1,"column":29},"end":{"line":1,"column":33}},"name":"name"},"init":null}],"kind":"let"},"specifiers":[],"source":null},{"type":"VariableDeclaration","start":35,"end":50,"loc":{"start":{"line":2,"column":0},"end":{"line":2,"column":15}},"declarations":[{"type":"VariableDeclarator","start":39,"end":49,"loc":{"start":{"line":2,"column":4},"end":{"line":2,"column":14}},"id":{"type":"Identifier","start":39,"end":45,"loc":{"start":{"line":2,"column":4},"end":{"line":2,"column":10}},"name":"clicks"},"init":{"type":"Literal","start":48,"end":49,"loc":{"start":{"line":2,"column":13},"end":{"line":2,"column":14}},"value":0,"raw":"0"}}],"kind":"let"}],"sourceType":"module"}}}
export const css={"code":"button.svelte-d8vj6a{color:#000099}","map":null}
export const dependencies=[]
export const js={"code":"/* src/Dummy.svelte generated by Svelte vXXX */\nimport {\n\tSvelteComponent,\n\tappend,\n\tattr,\n\tdetach,\n\telement,\n\tinit,\n\tinsert,\n\tlisten,\n\tnoop,\n\tsafe_not_equal,\n\tset_data,\n\ttext\n} from \"svelte/internal\";\n\nimport \"svelte/internal/disclose-version\";\n\nfunction create_fragment(ctx) {\n\tlet button;\n\tlet t0;\n\tlet t1;\n\tlet t2;\n\tlet mounted;\n\tlet dispose;\n\n\treturn {\n\t\tc() {\n\t\t\tbutton = element(\"button\");\n\t\t\tt0 = text(/*name*/ ctx[0]);\n\t\t\tt1 = text(\" clicks: \");\n\t\t\tt2 = text(/*clicks*/ ctx[1]);\n\t\t\tattr(button, \"class\", \"svelte-d8vj6a\");\n\t\t},\n\t\tm(target, anchor) {\n\t\t\tinsert(target, button, anchor);\n\t\t\tappend(button, t0);\n\t\t\tappend(button, t1);\n\t\t\tappend(button, t2);\n\n\t\t\tif (!mounted) {\n\t\t\t\tdispose = listen(button, \"click\", /*click_handler*/ ctx[2]);\n\t\t\t\tmounted = true;\n\t\t\t}\n\t\t},\n\t\tp(ctx, [dirty]) {\n\t\t\tif (dirty & /*name*/ 1) set_data(t0, /*name*/ ctx[0]);\n\t\t\tif (dirty & /*clicks*/ 2) set_data(t2, /*clicks*/ ctx[1]);\n\t\t},\n\t\ti: noop,\n\t\to: noop,\n\t\td(detaching) {\n\t\t\tif (detaching) {\n\t\t\t\tdetach(button);\n\t\t\t}\n\n\t\t\tmounted = false;\n\t\t\tdispose();\n\t\t}\n\t};\n}\n\nfunction instance($$self, $$props, $$invalidate) {\n\tlet { name } = $$props;\n\tlet clicks = 0;\n\n\tconst click_handler = () => {\n\t\t$$invalidate(1, clicks++, clicks);\n\t};\n\n\t$$self.$$set = $$props => {\n\t\tif ('name' in $$props) $$invalidate(0, name = $$props.name);\n\t};\n\n\treturn [name, clicks, click_handler];\n}\n\nclass Dummy extends SvelteComponent {\n\tconstructor(options) {\n\t\tsuper();\n\t\tinit(this, options, instance, create_fragment, safe_not_equal, { name: 0 });\n\t}\n}\n\nexport default Dummy;","map":null}
export const lang="ts"
export const normalizedFilename="/src/Dummy.svelte"
export const preprocessed={"code":"<script lang=\"ts\">export let name;\nlet clicks = 0;\n</script>\n\n<button\n\ton:click={() => {\n\t\tclicks++;\n\t}}>{name} clicks: {clicks}</button\n>\n\n<style lang=\"scss\">button {\n  color: #000099;\n}</style>\n","dependencies":[],"map":{"version":3,"mappings":"AAAA,CAAC,MAAM,CAAC,IAAI,CAAC,CAAC,EAAE,CAAC,CACT,WAAI;AACX,IAAI,SAAS;AACd,CAAC,CAAC,MAAM;;AAER,CAAC;AACD,CAAC,EAAE,CAAC,KAAK,CAAC,CAAC,CAAC,CAAC,CAAC,CAAC,CAAC,CAAC;AACjB,EAAE,MAAM,CAAC,CAAC;AACV,CAAC,CAAC,CAAC,CAAC,CAAC,IAAI,CAAC,CAAC,MAAM,CAAC,CAAC,CAAC,MAAM,CAAC,CAAC,CAAC;AAC7B;;AAEA,CAAC,KAAK,CAAC,IAAI,CAAC,CAAC,IAAI,CAAC;;CAKlB,CAAC,CAAC,KAAK","names":[],"sources":["Dummy.svelte"]}}
export const source="<script lang=\"ts\">\n\texport let name: string;\n\tlet clicks = 0;\n</script>\n\n<button\n\ton:click={() => {\n\t\tclicks++;\n\t}}>{name} clicks: {clicks}</button\n>\n\n<style lang=\"scss\">\n\t$blue: blue;\n\tbutton {\n\t\tcolor: darken($blue, 20);\n\t}\n</style>\n"
export const ssr=false
export const stats={"timings":{"total":0.123456789,"parse":{"total":0.123456789},"create component":{"total":0.123456789}}}
export const vars=[{"name":"name","export_name":"name","injected":false,"module":false,"mutated":false,"reassigned":false,"referenced":true,"writable":true,"referenced_from_script":false},{"name":"clicks","export_name":null,"injected":false,"module":false,"mutated":false,"reassigned":true,"referenced":true,"writable":true,"referenced_from_script":false}]
export const warnings=[]

//# sourceMappingURL=data:application/json;base64,eyJ2ZXJzaW9uIjozLCJzb3VyY2VzIjpbIi9zcmMvRHVtbXkuc3ZlbHRlP3JhdyZzdmVsdGUmdHlwZT1hbGwiXSwibmFtZXMiOltdLCJtYXBwaW5ncyI6IkFBQUEsTUFBTSxDQUFDLEtBQUssQ0FBQyxHQUFHLENBQUMsQ0FBQyxDQUFDLElBQUksQ0FBQyxDQUFDLENBQUMsQ0FBQyxLQUFLLENBQUMsQ0FBQyxFQUFFLENBQUMsQ0FBQyxHQUFHLENBQUMsQ0FBQyxHQUFHLENBQUMsQ0FBQyxJQUFJLENBQUMsQ0FBQyxDQUFDLFFBQVEsQ0FBQyxDQUFDLENBQUMsUUFBUSxDQUFDLENBQUMsQ0FBQyxDQUFDLENBQUMsS0FBSyxDQUFDLENBQUMsRUFBRSxDQUFDLENBQUMsR0FBRyxDQUFDLENBQUMsRUFBRSxDQUFDLENBQUMsSUFBSSxDQUFDLENBQUMsQ0FBQyxJQUFJLENBQUMsQ0FBQyxDQUFDLEdBQUcsQ0FBQyxDQUFDLENBQUMsQ0FBQyxDQUFDLENBQUMsQ0FBQyxDQUFDLENBQUMsQ0FBQyxJQUFJLENBQUMsQ0FBQyxDQUFDLENBQUMsQ0FBQyxDQUFDLENBQUMsQ0FBQyxDQUFDLENBQUMsQ0FBQyxDQUFDLEtBQUssQ0FBQyxDQUFDLEVBQUUsQ0FBQyxDQUFDLEdBQUcsQ0FBQyxDQUFDLEdBQUcsQ0FBQyxDQUFDLElBQUksQ0FBQyxDQUFDLENBQUMsT0FBTyxDQUFDLENBQUMsQ0FBQyxJQUFJLENBQUMsQ0FBQyxDQUFDLE1BQU0sQ0FBQyxDQUFDLENBQUMsVUFBVSxDQUFDLENBQUMsQ0FBQyxDQUFDLENBQUMsS0FBSyxDQUFDLENBQUMsRUFBRSxDQUFDLENBQUMsR0FBRyxDQUFDLENBQUMsR0FBRyxDQUFDLENBQUMsSUFBSSxDQUFDLENBQUMsQ0FBQyxZQUFZLENBQUMsQ0FBQyxDQUFDLElBQUksQ0FBQyxDQUFDLENBQUMsS0FBSyxDQUFDLENBQUMsQ0FBQyxTQUFTLENBQUMsQ0FBQyxDQUFDLENBQUMsQ0FBQyxDQUFDLFVBQVUsQ0FBQyxDQUFDLENBQUMsQ0FBQyxJQUFJLENBQUMsQ0FBQyxDQUFDLHVCQUF1QixDQUFDLENBQUMsQ0FBQyxLQUFLLENBQUMsQ0FBQyxFQUFFLENBQUMsQ0FBQyxHQUFHLENBQUMsQ0FBQyxHQUFHLENBQUMsQ0FBQyxHQUFHLENBQUMsQ0FBQyxDQUFDLENBQUMsS0FBSyxDQUFDLENBQUMsQ0FBQyxDQUFDLElBQUksQ0FBQyxDQUFDLENBQUMsQ0FBQyxDQUFDLE1BQU0sQ0FBQyxDQUFDLEVBQUUsQ0FBQyxDQUFDLENBQUMsR0FBRyxDQUFDLENBQUMsQ0FBQyxDQUFDLElBQUksQ0FBQyxDQUFDLENBQUMsQ0FBQyxDQUFDLE1BQU0sQ0FBQyxDQUFDLENBQUMsQ0FBQyxDQUFDLENBQUMsQ0FBQyxFQUFFLENBQUMsQ0FBQyxJQUFJLENBQUMsQ0FBQyxVQUFVLENBQUMsQ0FBQyxLQUFLLENBQUMsQ0FBQyxTQUFTLENBQUMsQ0FBQyxLQUFLLENBQUMsQ0FBQyxLQUFLLENBQUMsQ0FBQyxLQUFLLENBQUMsQ0FBQyxNQUFNLENBQUMsQ0FBQyxDQUFDLENBQUMsQ0FBQyxDQUFDLElBQUksQ0FBQyxDQUFDLENBQUMsQ0FBQyxJQUFJLENBQUMsQ0FBQyxDQUFDLGNBQWMsQ0FBQyxDQUFDLENBQUMsS0FBSyxDQUFDLENBQUMsRUFBRSxDQUFDLENBQUMsR0FBRyxDQUFDLENBQUMsR0FBRyxDQUFDLENBQUMsR0FBRyxDQUFDLENBQUMsQ0FBQyxDQUFDLEtBQUssQ0FBQyxDQUFDLENBQUMsQ0FBQyxJQUFJLENBQUMsQ0FBQyxDQUFDLENBQUMsQ0FBQyxNQUFNLENBQUMsQ0FBQyxFQUFFLENBQUMsQ0FBQyxDQUFDLEdBQUcsQ0FBQyxDQUFDLENBQUMsQ0FBQyxJQUFJLENBQUMsQ0FBQyxDQUFDLENBQUMsQ0FBQyxNQUFNLENBQUMsQ0FBQyxDQUFDLENBQUMsQ0FBQyxDQUFDLENBQUMsSUFBSSxDQUFDLENBQUMsQ0FBQyxDQUFDLENBQUMsSUFBSSxDQUFDLENBQUMsQ0FBQyxtQkFBbUIsQ0FBQyxDQUFDLENBQUMsS0FBSyxDQUFDLENBQUMsRUFBRSxDQUFDLENBQUMsR0FBRyxDQUFDLENBQUMsR0FBRyxDQUFDLENBQUMsR0FBRyxDQUFDLENBQUMsQ0FBQyxDQUFDLEtBQUssQ0FBQyxDQUFDLENBQUMsQ0FBQyxJQUFJLENBQUMsQ0FBQyxDQUFDLENBQUMsQ0FBQyxNQUFNLENBQUMsQ0FBQyxDQUFDLENBQUMsQ0FBQyxDQUFDLEdBQUcsQ0FBQyxDQUFDLENBQUMsQ0FBQyxJQUFJLENBQUMsQ0FBQyxDQUFDLENBQUMsQ0FBQyxNQUFNLENBQUMsQ0FBQyxFQUFFLENBQUMsQ0FBQyxDQUFDLENBQUMsVUFBVSxDQUFDLENBQUMsQ0FBQyxDQUFDLElBQUksQ0FBQyxDQUFDLENBQUMsZ0JBQWdCLENBQUMsQ0FBQyxDQUFDLEtBQUssQ0FBQyxDQUFDLEVBQUUsQ0FBQyxDQUFDLEdBQUcsQ0FBQyxDQUFDLEVBQUUsQ0FBQyxDQUFDLEdBQUcsQ0FBQyxDQUFDLENBQUMsQ0FBQyxLQUFLLENBQUMsQ0FBQyxDQUFDLENBQUMsSUFBSSxDQUFDLENBQUMsQ0FBQyxDQUFDLENBQUMsTUFBTSxDQUFDLENBQUMsQ0FBQyxDQUFDLENBQUMsQ0FBQyxHQUFHLENBQUMsQ0FBQyxDQUFDLENBQUMsSUFBSSxDQUFDLENBQUMsQ0FBQyxDQUFDLENBQUMsTUFBTSxDQUFDLENBQUMsRUFBRSxDQUFDLENBQUMsQ0FBQyxDQUFDLFFBQVEsQ0FBQyxDQUFDLENBQUMsQ0FBQyxDQUFDLENBQUMsQ0FBQyxDQUFDLE1BQU0sQ0FBQyxDQUFDLEtBQUssQ0FBQyxDQUFDLFFBQVEsQ0FBQyxDQUFDLENBQUMsQ0FBQyxJQUFJLENBQUMsQ0FBQyxDQUFDLFVBQVUsQ0FBQyxDQUFDLENBQUMsS0FBSyxDQUFDLENBQUMsRUFBRSxDQUFDLENBQUMsR0FBRyxDQUFDLENBQUMsRUFBRSxDQUFDLENBQUMsR0FBRyxDQUFDLENBQUMsQ0FBQyxDQUFDLEtBQUssQ0FBQyxDQUFDLENBQUMsQ0FBQyxJQUFJLENBQUMsQ0FBQyxDQUFDLENBQUMsQ0FBQyxNQUFNLENBQUMsQ0FBQyxDQUFDLENBQUMsQ0FBQyxDQUFDLEdBQUcsQ0FBQyxDQUFDLENBQUMsQ0FBQyxJQUFJLENBQUMsQ0FBQyxDQUFDLENBQUMsQ0FBQyxNQUFNLENBQUMsQ0FBQyxDQUFDLENBQUMsQ0FBQyxDQUFDLENBQUMsSUFBSSxDQUFDLENBQUMsQ0FBQyxNQUFNLENBQUMsQ0FBQyxDQUFDLENBQUMsQ0FBQyxDQUFDLENBQUMsQ0FBQyxDQUFDLENBQUMsQ0FBQyxRQUFRLENBQUMsQ0FBQyxDQUFDLENBQUMsQ0FBQyxLQUFLLENBQUMsQ0FBQyxHQUFHLENBQUMsQ0FBQyxHQUFHLENBQUMsQ0FBQyxHQUFHLENBQUMsQ0FBQyxJQUFJLENBQUMsQ0FBQyxDQUFDLFdBQVcsQ0FBQyxDQUFDLENBQUMsVUFBVSxDQUFDLENBQUMsQ0FBQyxDQUFDLElBQUksQ0FBQyxDQUFDLENBQUMsVUFBVSxDQUFDLENBQUMsQ0FBQyxLQUFLLENBQUMsQ0FBQyxHQUFHLENBQUMsQ0FBQyxHQUFHLENBQUMsQ0FBQyxHQUFHLENBQUMsQ0FBQyxHQUFHLENBQUMsQ0FBQyxDQUFDLENBQUMsS0FBSyxDQUFDLENBQUMsQ0FBQyxDQUFDLElBQUksQ0FBQyxDQUFDLENBQUMsQ0FBQyxDQUFDLE1BQU0sQ0FBQyxDQUFDLENBQUMsQ0FBQyxDQUFDLENBQUMsR0FBRyxDQUFDLENBQUMsQ0FBQyxDQUFDLElBQUksQ0FBQyxDQUFDLENBQUMsQ0FBQyxDQUFDLE1BQU0sQ0FBQyxDQUFDLENBQUMsQ0FBQyxDQUFDLENBQUMsQ0FBQyxJQUFJLENBQUMsQ0FBQyxDQUFDLElBQUksQ0FBQyxDQUFDLENBQUMsQ0FBQyxDQUFDLENBQUMsS0FBSyxDQUFDLENBQUMsR0FBRyxDQUFDLENBQUMsR0FBRyxDQUFDLENBQUMsR0FBRyxDQUFDLENBQUMsSUFBSSxDQUFDLENBQUMsQ0FBQyxJQUFJLENBQUMsQ0FBQyxDQUFDLEdBQUcsQ0FBQyxDQUFDLENBQUMsQ0FBQyxNQUFNLENBQUMsQ0FBQyxDQUFDLENBQUMsQ0FBQyxJQUFJLENBQUMsQ0FBQyxDQUFDLENBQUMsTUFBTSxDQUFDLENBQUMsQ0FBQyxDQUFDLENBQUMsQ0FBQyxDQUFDLEtBQUssQ0FBQyxDQUFDLEdBQUcsQ0FBQyxDQUFDLEdBQUcsQ0FBQyxDQUFDLEdBQUcsQ0FBQyxDQUFDLElBQUksQ0FBQyxDQUFDLENBQUMsV0FBVyxDQUFDLENBQUMsQ0FBQyxVQUFVLENBQUMsQ0FBQyxDQUFDLENBQUMsSUFBSSxDQUFDLENBQUMsQ0FBQyxVQUFVLENBQUMsQ0FBQyxDQUFDLEtBQUssQ0FBQyxDQUFDLEdBQUcsQ0FBQyxDQUFDLEdBQUcsQ0FBQyxDQUFDLEdBQUcsQ0FBQyxDQUFDLEdBQUcsQ0FBQyxDQUFDLENBQUMsQ0FBQyxLQUFLLENBQUMsQ0FBQyxDQUFDLENBQUMsSUFBSSxDQUFDLENBQUMsQ0FBQyxDQUFDLENBQUMsTUFBTSxDQUFDLENBQUMsRUFBRSxDQUFDLENBQUMsQ0FBQyxHQUFHLENBQUMsQ0FBQyxDQUFDLENBQUMsSUFBSSxDQUFDLENBQUMsQ0FBQyxDQUFDLENBQUMsTUFBTSxDQUFDLENBQUMsRUFBRSxDQUFDLENBQUMsQ0FBQyxDQUFDLElBQUksQ0FBQyxDQUFDLENBQUMsTUFBTSxDQUFDLENBQUMsQ0FBQyxDQUFDLENBQUMsQ0FBQyxDQUFDLENBQUMsS0FBSyxDQUFDLENBQUMsR0FBRyxDQUFDLENBQUMsR0FBRyxDQUFDLENBQUMsR0FBRyxDQUFDLENBQUMsSUFBSSxDQUFDLENBQUMsQ0FBQyxJQUFJLENBQUMsQ0FBQyxDQUFDLEdBQUcsQ0FBQyxDQUFDLENBQUMsQ0FBQyxDQUFDLENBQUMsQ0FBQyxDQUFDLENBQUMsQ0FBQyxJQUFJLENBQUMsQ0FBQyxDQUFDLENBQUMsQ0FBQyxDQUFDLENBQUMsQ0FBQyxDQUFDLENBQUMsQ0FBQyxDQUFDLENBQUMsR0FBRyxDQUFDLENBQUMsQ0FBQyxDQUFDLElBQUksQ0FBQyxDQUFDLENBQUMsS0FBSyxDQUFDLENBQUMsQ0FBQyxLQUFLLENBQUMsQ0FBQyxHQUFHLENBQUMsQ0FBQyxHQUFHLENBQUMsQ0FBQyxHQUFHLENBQUMsQ0FBQyxVQUFVLENBQUMsQ0FBQyxDQUFDLENBQUMsQ0FBQyxLQUFLLENBQUMsQ0FBQyxHQUFHLENBQUMsQ0FBQyxHQUFHLENBQUMsQ0FBQyxHQUFHLENBQUMsQ0FBQyxJQUFJLENBQUMsQ0FBQyxDQUFDLFNBQVMsQ0FBQyxDQUFDLENBQUMsSUFBSSxDQUFDLENBQUMsQ0FBQyxJQUFJLENBQUMsQ0FBQyxDQUFDLEtBQUssQ0FBQyxDQUFDLENBQUMsQ0FBQyxDQUFDLEtBQUssQ0FBQyxDQUFDLEdBQUcsQ0FBQyxDQUFDLEdBQUcsQ0FBQyxDQUFDLEdBQUcsQ0FBQyxDQUFDLElBQUksQ0FBQyxDQUFDLENBQUMsSUFBSSxDQUFDLENBQUMsQ0FBQyxHQUFHLENBQUMsQ0FBQyxDQUFDLElBQUksQ0FBQyxDQUFDLENBQUMsSUFBSSxDQUFDLENBQUMsQ0FBQyxJQUFJLENBQUMsQ0FBQyxDQUFDLENBQUMsQ0FBQyxDQUFDLENBQUMsUUFBUSxDQUFDLENBQUMsQ0FBQyxDQUFDLENBQUMsSUFBSSxDQUFDLENBQUMsQ0FBQyxJQUFJLENBQUMsQ0FBQyxDQUFDLE9BQU8sQ0FBQyxDQUFDLENBQUMsQ0FBQyxJQUFJLENBQUMsQ0FBQyxDQUFDLFlBQVksQ0FBQyxDQUFDLENBQUMsUUFBUSxDQUFDLENBQUMsQ0FBQyxDQUFDLENBQUMsSUFBSSxDQUFDLENBQUMsQ0FBQyxRQUFRLENBQUMsQ0FBQyxDQUFDLFFBQVEsQ0FBQyxDQUFDLENBQUMsQ0FBQyxDQUFDLElBQUksQ0FBQyxDQUFDLENBQUMsWUFBWSxDQUFDLENBQUMsQ0FBQyxJQUFJLENBQUMsQ0FBQyxDQUFDLE1BQU0sQ0FBQyxDQUFDLENBQUMsS0FBSyxDQUFDLENBQUMsR0FBRyxDQUFDLENBQUMsR0FBRyxDQUFDLENBQUMsR0FBRyxDQUFDLENBQUMsQ0FBQyxDQUFDLEtBQUssQ0FBQyxDQUFDLEdBQUcsQ0FBQyxDQUFDLEdBQUcsQ0FBQyxDQUFDLEdBQUcsQ0FBQyxDQUFDLENBQUMsQ0FBQyxLQUFLLENBQUMsQ0FBQyxHQUFHLENBQUMsQ0FBQyxHQUFHLENBQUMsQ0FBQyxHQUFHLENBQUMsQ0FBQyxDQUFDLEtBQUssQ0FBQyxDQUFDLENBQUMsQ0FBQyxJQUFJLENBQUMsQ0FBQyxDQUFDLEtBQUssQ0FBQyxDQUFDLENBQUMsUUFBUSxDQUFDLENBQUMsQ0FBQyxDQUFDLENBQUMsSUFBSSxDQUFDLENBQUMsQ0FBQyxXQUFXLENBQUMsQ0FBQyxDQUFDLFNBQVMsQ0FBQyxDQUFDLEtBQUssQ0FBQyxDQUFDLFFBQVEsQ0FBQyxDQUFDLENBQUMsS0FBSyxDQUFDLENBQUMsQ0FBQyxLQUFLLENBQUMsQ0FBQyxDQUFDLENBQUMsSUFBSSxDQUFDLENBQUMsQ0FBQyxLQUFLLENBQUMsQ0FBQyxDQUFDLFFBQVEsQ0FBQyxDQUFDLENBQUMsQ0FBQyxDQUFDLElBQUksQ0FBQyxDQUFDLENBQUMsSUFBSSxDQUFDLENBQUMsQ0FBQyxLQUFLLENBQUMsQ0FBQyxDQUFDLE1BQU0sQ0FBQyxDQUFDLENBQUMsS0FBSyxDQUFDLENBQUMsR0FBRyxDQUFDLENBQUMsR0FBRyxDQUFDLENBQUMsR0FBRyxDQUFDLENBQUMsQ0FBQyxDQUFDLEtBQUssQ0FBQyxDQUFDLEdBQUcsQ0FBQyxDQUFDLEdBQUcsQ0FBQyxDQUFDLEdBQUcsQ0FBQyxDQUFDLENBQUMsS0FBSyxDQUFDLENBQUMsR0FBRyxDQUFDLENBQUMsR0FBRyxDQUFDLENBQUMsR0FBRyxDQUFDLENBQUMsQ0FBQyxDQUFDLEtBQUssQ0FBQyxDQUFDLEdBQUcsQ0FBQyxDQUFDLEdBQUcsQ0FBQyxDQUFDLEdBQUcsQ0FBQyxDQUFDLENBQUMsS0FBSyxDQUFDLENBQUMsR0FBRyxDQUFDLENBQUMsR0FBRyxDQUFDLENBQUMsR0FBRyxDQUFDLENBQUMsQ0FBQyxDQUFDLE9BQU8sQ0FBQyxDQUFDLENBQUMsQ0FBQyxLQUFLLENBQUMsQ0FBQyxHQUFHLENBQUMsQ0FBQyxHQUFHLENBQUMsQ0FBQyxHQUFHLENBQUMsQ0FBQyxNQUFNLENBQUMsQ0FBQyxDQUFDLE1BQU0sQ0FBQyxDQUFDLENBQUMsQ0FBQyxDQUFDLENBQUMsS0FBSyxDQUFDLENBQUMsQ0FBQyxNQUFNLENBQUMsQ0FBQyxDQUFDLENBQUMsQ0FBQyxDQUFDLENBQUMsQ0FBQyxDQUFDLFFBQVEsQ0FBQyxDQUFDLENBQUMsQ0FBQyxJQUFJLENBQUMsQ0FBQyxDQUFDLE1BQU0sQ0FBQyxDQUFDLENBQUMsS0FBSyxDQUFDLENBQUMsQ0FBQyxDQUFDLENBQUMsR0FBRyxDQUFDLENBQUMsRUFBRSxDQUFDLENBQUMsT0FBTyxDQUFDLENBQUMsQ0FBQyxPQUFPLENBQUMsQ0FBQyxDQUFDLE9BQU8sQ0FBQyxDQUFDLENBQUMsQ0FBQyxJQUFJLENBQUMsQ0FBQyxDQUFDLE9BQU8sQ0FBQyxDQUFDLENBQUMsS0FBSyxDQUFDLENBQUMsRUFBRSxDQUFDLENBQUMsR0FBRyxDQUFDLENBQUMsRUFBRSxDQUFDLENBQUMsR0FBRyxDQUFDLENBQUMsQ0FBQyxDQUFDLEtBQUssQ0FBQyxDQUFDLENBQUMsQ0FBQyxJQUFJLENBQUMsQ0FBQyxDQUFDLENBQUMsQ0FBQyxNQUFNLENBQUMsQ0FBQyxDQUFDLENBQUMsQ0FBQyxDQUFDLEdBQUcsQ0FBQyxDQUFDLENBQUMsQ0FBQyxJQUFJLENBQUMsQ0FBQyxDQUFDLENBQUMsQ0FBQyxNQUFNLENBQUMsQ0FBQyxDQUFDLENBQUMsQ0FBQyxDQUFDLENBQUMsSUFBSSxDQUFDLENBQUMsQ0FBQyxDQUFDLENBQUMsSUFBSSxDQUFDLENBQUMsQ0FBQyxzQkFBc0IsQ0FBQyxDQUFDLENBQUMsS0FBSyxDQUFDLENBQUMsRUFBRSxDQUFDLENBQUMsR0FBRyxDQUFDLENBQUMsRUFBRSxDQUFDLENBQUMsR0FBRyxDQUFDLENBQUMsQ0FBQyxDQUFDLEtBQUssQ0FBQyxDQUFDLENBQUMsQ0FBQyxJQUFJLENBQUMsQ0FBQyxDQUFDLENBQUMsQ0FBQyxNQUFNLENBQUMsQ0FBQyxFQUFFLENBQUMsQ0FBQyxDQUFDLEdBQUcsQ0FBQyxDQUFDLENBQUMsQ0FBQyxJQUFJLENBQUMsQ0FBQyxDQUFDLENBQUMsQ0FBQyxNQUFNLENBQUMsQ0FBQyxFQUFFLENBQUMsQ0FBQyxDQUFDLENBQUMsV0FBVyxDQUFDLENBQUMsQ0FBQyxDQUFDLElBQUksQ0FBQyxDQUFDLENBQUMsbUJBQW1CLENBQUMsQ0FBQyxDQUFDLEtBQUssQ0FBQyxDQUFDLEVBQUUsQ0FBQyxDQUFDLEdBQUcsQ0FBQyxDQUFDLEVBQUUsQ0FBQyxDQUFDLEdBQUcsQ0FBQyxDQUFDLENBQUMsQ0FBQyxLQUFLLENBQUMsQ0FBQyxDQUFDLENBQUMsSUFBSSxDQUFDLENBQUMsQ0FBQyxDQUFDLENBQUMsTUFBTSxDQUFDLENBQUMsRUFBRSxDQUFDLENBQUMsQ0FBQyxHQUFHLENBQUMsQ0FBQyxDQUFDLENBQUMsSUFBSSxDQUFDLENBQUMsQ0FBQyxDQUFDLENBQUMsTUFBTSxDQUFDLENBQUMsRUFBRSxDQUFDLENBQUMsQ0FBQyxDQUFDLFlBQVksQ0FBQyxDQUFDLENBQUMsQ0FBQyxDQUFDLElBQUksQ0FBQyxDQUFDLENBQUMsa0JBQWtCLENBQUMsQ0FBQyxDQUFDLEtBQUssQ0FBQyxDQUFDLEVBQUUsQ0FBQyxDQUFDLEdBQUcsQ0FBQyxDQUFDLEVBQUUsQ0FBQyxDQUFDLEdBQUcsQ0FBQyxDQUFDLENBQUMsQ0FBQyxLQUFLLENBQUMsQ0FBQyxDQUFDLENBQUMsSUFBSSxDQUFDLENBQUMsQ0FBQyxDQUFDLENBQUMsTUFBTSxDQUFDLENBQUMsRUFBRSxDQUFDLENBQUMsQ0FBQyxHQUFHLENBQUMsQ0FBQyxDQUFDLENBQUMsSUFBSSxDQUFDLENBQUMsQ0FBQyxDQUFDLENBQUMsTUFBTSxDQUFDLENBQUMsRUFBRSxDQUFDLENBQUMsQ0FBQyxDQUFDLEVBQUUsQ0FBQyxDQUFDLENBQUMsQ0FBQyxJQUFJLENBQUMsQ0FBQyxDQUFDLFVBQVUsQ0FBQyxDQUFDLENBQUMsS0FBSyxDQUFDLENBQUMsRUFBRSxDQUFDLENBQUMsR0FBRyxDQUFDLENBQUMsRUFBRSxDQUFDLENBQUMsR0FBRyxDQUFDLENBQUMsQ0FBQyxDQUFDLEtBQUssQ0FBQyxDQUFDLENBQUMsQ0FBQyxJQUFJLENBQUMsQ0FBQyxDQUFDLENBQUMsQ0FBQyxNQUFNLENBQUMsQ0FBQyxFQUFFLENBQUMsQ0FBQyxDQUFDLEdBQUcsQ0FBQyxDQUFDLENBQUMsQ0FBQyxJQUFJLENBQUMsQ0FBQyxDQUFDLENBQUMsQ0FBQyxNQUFNLENBQUMsQ0FBQyxFQUFFLENBQUMsQ0FBQyxDQUFDLENBQUMsSUFBSSxDQUFDLENBQUMsQ0FBQyxJQUFJLENBQUMsQ0FBQyxDQUFDLENBQUMsSUFBSSxDQUFDLENBQUMsSUFBSSxDQUFDLENBQUMsQ0FBQyxDQUFDLElBQUksQ0FBQyxDQUFDLENBQUMsR0FBRyxDQUFDLENBQUMsQ0FBQyxDQUFDLFVBQVUsQ0FBQyxDQUFDLENBQUMsQ0FBQyxDQUFDLENBQUMsTUFBTSxDQUFDLENBQUMsSUFBSSxDQUFDLENBQUMsQ0FBQyxDQUFDLElBQUksQ0FBQyxDQUFDLENBQUMsbUJBQW1CLENBQUMsQ0FBQyxDQUFDLEtBQUssQ0FBQyxDQUFDLEVBQUUsQ0FBQyxDQUFDLEdBQUcsQ0FBQyxDQUFDLEVBQUUsQ0FBQyxDQUFDLEdBQUcsQ0FBQyxDQUFDLENBQUMsQ0FBQyxLQUFLLENBQUMsQ0FBQyxDQUFDLENBQUMsSUFBSSxDQUFDLENBQUMsQ0FBQyxDQUFDLENBQUMsTUFBTSxDQUFDLENBQUMsQ0FBQyxDQUFDLENBQUMsQ0FBQyxHQUFHLENBQUMsQ0FBQyxDQUFDLENBQUMsSUFBSSxDQUFDLENBQUMsQ0FBQyxDQUFDLENBQUMsTUFBTSxDQUFDLENBQUMsRUFBRSxDQUFDLENBQUMsQ0FBQyxDQUFDLFlBQVksQ0FBQyxDQUFDLENBQUMsQ0FBQyxDQUFDLElBQUksQ0FBQyxDQUFDLENBQUMsa0JBQWtCLENBQUMsQ0FBQyxDQUFDLEtBQUssQ0FBQyxDQUFDLEVBQUUsQ0FBQyxDQUFDLEdBQUcsQ0FBQyxDQUFDLEVBQUUsQ0FBQyxDQUFDLEdBQUcsQ0FBQyxDQUFDLENBQUMsQ0FBQyxLQUFLLENBQUMsQ0FBQyxDQUFDLENBQUMsSUFBSSxDQUFDLENBQUMsQ0FBQyxDQUFDLENBQUMsTUFBTSxDQUFDLENBQUMsQ0FBQyxDQUFDLENBQUMsQ0FBQyxHQUFHLENBQUMsQ0FBQyxDQUFDLENBQUMsSUFBSSxDQUFDLENBQUMsQ0FBQyxDQUFDLENBQUMsTUFBTSxDQUFDLENBQUMsRUFBRSxDQUFDLENBQUMsQ0FBQyxDQUFDLEVBQUUsQ0FBQyxDQUFDLENBQUMsQ0FBQyxJQUFJLENBQUMsQ0FBQyxDQUFDLFVBQVUsQ0FBQyxDQUFDLENBQUMsS0FBSyxDQUFDLENBQUMsRUFBRSxDQUFDLENBQUMsR0FBRyxDQUFDLENBQUMsRUFBRSxDQUFDLENBQUMsR0FBRyxDQUFDLENBQUMsQ0FBQyxDQUFDLEtBQUssQ0FBQyxDQUFDLENBQUMsQ0FBQyxJQUFJLENBQUMsQ0FBQyxDQUFDLENBQUMsQ0FBQyxNQUFNLENBQUMsQ0FBQyxDQUFDLENBQUMsQ0FBQyxDQUFDLEdBQUcsQ0FBQyxDQUFDLENBQUMsQ0FBQyxJQUFJLENBQUMsQ0FBQyxDQUFDLENBQUMsQ0FBQyxNQUFNLENBQUMsQ0FBQyxFQUFFLENBQUMsQ0FBQyxDQUFDLENBQUMsSUFBSSxDQUFDLENBQUMsQ0FBQyxNQUFNLENBQUMsQ0FBQyxDQUFDLENBQUMsSUFBSSxDQUFDLENBQUMsQ0FBQyxDQUFDLElBQUksQ0FBQyxDQUFDLENBQUMsT0FBTyxDQUFDLENBQUMsQ0FBQyxLQUFLLENBQUMsQ0FBQyxFQUFFLENBQUMsQ0FBQyxHQUFHLENBQUMsQ0FBQyxFQUFFLENBQUMsQ0FBQyxHQUFHLENBQUMsQ0FBQyxDQUFDLENBQUMsS0FBSyxDQUFDLENBQUMsQ0FBQyxDQUFDLElBQUksQ0FBQyxDQUFDLENBQUMsQ0FBQyxDQUFDLE1BQU0sQ0FBQyxDQUFDLEVBQUUsQ0FBQyxDQUFDLENBQUMsR0FBRyxDQUFDLENBQUMsQ0FBQyxDQUFDLElBQUksQ0FBQyxDQUFDLENBQUMsQ0FBQyxDQUFDLE1BQU0sQ0FBQyxDQUFDLEVBQUUsQ0FBQyxDQUFDLENBQUMsQ0FBQyxLQUFLLENBQUMsQ0FBQyxDQUFDLENBQUMsQ0FBQyxHQUFHLENBQUMsQ0FBQyxDQUFDLENBQUMsQ0FBQyxDQUFDLENBQUMsQ0FBQyxDQUFDLENBQUMsSUFBSSxDQUFDLENBQUMsQ0FBQyxHQUFHLENBQUMsQ0FBQyxDQUFDLENBQUMsQ0FBQyxVQUFVLENBQUMsQ0FBQyxDQUFDLE1BQU0sQ0FBQyxDQUFDLENBQUMsQ0FBQztBQUN4akgsTUFBTSxDQUFDLEtBQUssQ0FBQyxHQUFHLENBQUMsQ0FBQyxDQUFDLElBQUksQ0FBQyxDQUFDLENBQUMsTUFBTSxDQUFDLE1BQU0sQ0FBQyxNQUFNLENBQUMsS0FBSyxDQUFDLENBQUMsTUFBTSxDQUFDLENBQUMsQ0FBQyxDQUFDLEdBQUcsQ0FBQyxDQUFDLElBQUksQ0FBQztBQUMxRSxNQUFNLENBQUMsS0FBSyxDQUFDLFlBQVksQ0FBQyxDQUFDLENBQUM7QUFDNUIsTUFBTSxDQUFDLEtBQUssQ0FBQyxFQUFFLENBQUMsQ0FBQyxDQUFDLElBQUksQ0FBQyxDQUFDLENBQUMsQ0FBQyxDQUFDLENBQUMsR0FBRyxDQUFDLEtBQUssQ0FBQyxNQUFNLENBQUMsU0FBUyxDQUFDLEVBQUUsQ0FBQyxNQUFNLENBQUMsRUFBRSxDQUFDLENBQUMsQ0FBQyxDQUFDLENBQUMsQ0FBQyxDQUFDLENBQUMsT0FBTyxDQUFDLENBQUMsQ0FBQyxDQUFDLENBQUMsZ0JBQWdCLENBQUMsQ0FBQyxDQUFDLENBQUMsT0FBTyxDQUFDLENBQUMsQ0FBQyxDQUFDLEtBQUssQ0FBQyxDQUFDLENBQUMsQ0FBQyxPQUFPLENBQUMsQ0FBQyxDQUFDLENBQUMsUUFBUSxDQUFDLENBQUMsQ0FBQyxDQUFDLEtBQUssQ0FBQyxDQUFDLENBQUMsQ0FBQyxPQUFPLENBQUMsQ0FBQyxDQUFDLENBQUMsT0FBTyxDQUFDLENBQUMsQ0FBQyxDQUFDLEtBQUssQ0FBQyxDQUFDLENBQUMsQ0FBQyxlQUFlLENBQUMsQ0FBQyxDQUFDLENBQUMsU0FBUyxDQUFDLENBQUMsQ0FBQyxDQUFDLEtBQUssQ0FBQyxDQUFDLENBQUMsQ0FBQyxJQUFJLENBQUMsQ0FBQyxDQUFDLE1BQU0sQ0FBQyxRQUFRLENBQUMsQ0FBQyxDQUFDLENBQUMsQ0FBQyxDQUFDLE9BQU8sQ0FBQyxDQUFDLENBQUMsTUFBTSxDQUFDLFFBQVEsQ0FBQyxRQUFRLENBQUMsT0FBTyxDQUFDLENBQUMsQ0FBQyxDQUFDLENBQUMsQ0FBQyxTQUFTLENBQUMsZUFBZSxDQUFDLEdBQUcsQ0FBQyxDQUFDLENBQUMsQ0FBQyxDQUFDLENBQUMsSUFBSSxDQUFDLE1BQU0sQ0FBQyxDQUFDLENBQUMsQ0FBQyxJQUFJLENBQUMsRUFBRSxDQUFDLENBQUMsQ0FBQyxDQUFDLElBQUksQ0FBQyxFQUFFLENBQUMsQ0FBQyxDQUFDLENBQUMsSUFBSSxDQUFDLEVBQUUsQ0FBQyxDQUFDLENBQUMsQ0FBQyxJQUFJLENBQUMsT0FBTyxDQUFDLENBQUMsQ0FBQyxDQUFDLElBQUksQ0FBQyxPQUFPLENBQUMsQ0FBQyxDQUFDLENBQUMsQ0FBQyxDQUFDLE9BQU8sQ0FBQyxDQUFDLENBQUMsQ0FBQyxDQUFDLENBQUMsQ0FBQyxFQUFFLENBQUMsQ0FBQyxDQUFDLENBQUMsQ0FBQyxDQUFDLENBQUMsQ0FBQyxDQUFDLENBQUMsQ0FBQyxPQUFPLENBQUMsQ0FBQyxDQUFDLE9BQU8sQ0FBQyxDQUFDLENBQUMsTUFBTSxDQUFDLENBQUMsQ0FBQyxDQUFDLENBQUMsQ0FBQyxDQUFDLENBQUMsQ0FBQyxDQUFDLENBQUMsR0FBRyxDQUFDLENBQUMsQ0FBQyxJQUFJLENBQUMsQ0FBQyxDQUFDLElBQUksQ0FBQyxDQUFDLENBQUMsR0FBRyxDQUFDLENBQUMsQ0FBQyxDQUFDLENBQUMsQ0FBQyxDQUFDLENBQUMsQ0FBQyxDQUFDLENBQUMsQ0FBQyxHQUFHLENBQUMsQ0FBQyxDQUFDLElBQUksQ0FBQyxDQUFDLENBQUMsQ0FBQyxNQUFNLENBQUMsQ0FBQyxDQUFDLENBQUMsQ0FBQyxDQUFDLENBQUMsQ0FBQyxDQUFDLENBQUMsQ0FBQyxDQUFDLENBQUMsR0FBRyxDQUFDLENBQUMsQ0FBQyxJQUFJLENBQUMsQ0FBQyxDQUFDLE1BQU0sQ0FBQyxDQUFDLENBQUMsR0FBRyxDQUFDLENBQUMsQ0FBQyxDQUFDLENBQUMsQ0FBQyxDQUFDLENBQUMsQ0FBQyxDQUFDLENBQUMsQ0FBQyxLQUFLLENBQUMsTUFBTSxDQUFDLENBQUMsQ0FBQyxDQUFDLEtBQUssQ0FBQyxDQUFDLENBQUMsQ0FBQyxDQUFDLENBQUMsTUFBTSxDQUFDLE1BQU0sQ0FBQyxDQUFDLENBQUMsQ0FBQyxDQUFDLENBQUMsQ0FBQyxDQUFDLENBQUMsQ0FBQyxDQUFDLENBQUMsQ0FBQyxDQUFDLENBQUMsQ0FBQyxDQUFDLEVBQUUsQ0FBQyxNQUFNLENBQUMsQ0FBQyxNQUFNLENBQUMsQ0FBQyxDQUFDLENBQUMsQ0FBQyxDQUFDLENBQUMsQ0FBQyxDQUFDLENBQUMsT0FBTyxDQUFDLE1BQU0sQ0FBQyxDQUFDLE1BQU0sQ0FBQyxDQUFDLE1BQU0sQ0FBQyxDQUFDLENBQUMsQ0FBQyxDQUFDLENBQUMsQ0FBQyxDQUFDLENBQUMsT0FBTyxDQUFDLE1BQU0sQ0FBQyxDQUFDLEVBQUUsQ0FBQyxDQUFDLENBQUMsQ0FBQyxDQUFDLENBQUMsQ0FBQyxDQUFDLENBQUMsT0FBTyxDQUFDLE1BQU0sQ0FBQyxDQUFDLEVBQUUsQ0FBQyxDQUFDLENBQUMsQ0FBQyxDQUFDLENBQUMsQ0FBQyxDQUFDLENBQUMsT0FBTyxDQUFDLE1BQU0sQ0FBQyxDQUFDLEVBQUUsQ0FBQyxDQUFDLENBQUMsQ0FBQyxDQUFDLENBQUMsQ0FBQyxDQUFDLENBQUMsQ0FBQyxDQUFDLEdBQUcsQ0FBQyxDQUFDLENBQUMsT0FBTyxDQUFDLENBQUMsQ0FBQyxDQUFDLENBQUMsQ0FBQyxDQUFDLENBQUMsQ0FBQyxDQUFDLENBQUMsQ0FBQyxRQUFRLENBQUMsQ0FBQyxDQUFDLE1BQU0sQ0FBQyxNQUFNLENBQUMsQ0FBQyxDQUFDLENBQUMsS0FBSyxDQUFDLENBQUMsQ0FBQyxDQUFDLENBQUMsQ0FBQyxhQUFhLENBQUMsQ0FBQyxDQUFDLEdBQUcsQ0FBQyxDQUFDLENBQUMsQ0FBQyxDQUFDLENBQUMsQ0FBQyxDQUFDLENBQUMsQ0FBQyxDQUFDLENBQUMsQ0FBQyxDQUFDLFFBQVEsQ0FBQyxDQUFDLENBQUMsSUFBSSxDQUFDLENBQUMsQ0FBQyxDQUFDLENBQUMsQ0FBQyxDQUFDLENBQUMsQ0FBQyxDQUFDLENBQUMsQ0FBQyxDQUFDLENBQUMsQ0FBQyxDQUFDLENBQUMsQ0FBQyxDQUFDLENBQUMsQ0FBQyxDQUFDLENBQUMsRUFBRSxDQUFDLEdBQUcsQ0FBQyxDQUFDLENBQUMsS0FBSyxDQUFDLENBQUMsQ0FBQyxDQUFDLENBQUMsQ0FBQyxDQUFDLENBQUMsQ0FBQyxDQUFDLENBQUMsR0FBRyxDQUFDLENBQUMsS0FBSyxDQUFDLENBQUMsQ0FBQyxDQUFDLENBQUMsSUFBSSxDQUFDLENBQUMsQ0FBQyxDQUFDLENBQUMsQ0FBQyxRQUFRLENBQUMsRUFBRSxDQUFDLENBQUMsQ0FBQyxDQUFDLElBQUksQ0FBQyxDQUFDLENBQUMsR0FBRyxDQUFDLENBQUMsQ0FBQyxDQUFDLENBQUMsQ0FBQyxDQUFDLENBQUMsQ0FBQyxDQUFDLENBQUMsQ0FBQyxHQUFHLENBQUMsQ0FBQyxLQUFLLENBQUMsQ0FBQyxDQUFDLENBQUMsQ0FBQyxNQUFNLENBQUMsQ0FBQyxDQUFDLENBQUMsQ0FBQyxDQUFDLFFBQVEsQ0FBQyxFQUFFLENBQUMsQ0FBQyxDQUFDLENBQUMsTUFBTSxDQUFDLENBQUMsQ0FBQyxHQUFHLENBQUMsQ0FBQyxDQUFDLENBQUMsQ0FBQyxDQUFDLENBQUMsQ0FBQyxDQUFDLENBQUMsQ0FBQyxDQUFDLENBQUMsQ0FBQyxDQUFDLENBQUMsQ0FBQyxDQUFDLEVBQUUsQ0FBQyxDQUFDLElBQUksQ0FBQyxDQUFDLENBQUMsQ0FBQyxDQUFDLENBQUMsRUFBRSxDQUFDLENBQUMsSUFBSSxDQUFDLENBQUMsQ0FBQyxDQUFDLENBQUMsQ0FBQyxFQUFFLENBQUMsU0FBUyxDQUFDLENBQUMsQ0FBQyxDQUFDLENBQUMsQ0FBQyxDQUFDLENBQUMsQ0FBQyxDQUFDLEdBQUcsQ0FBQyxDQUFDLFNBQVMsQ0FBQyxDQUFDLENBQUMsQ0FBQyxDQUFDLENBQUMsQ0FBQyxDQUFDLENBQUMsQ0FBQyxDQUFDLENBQUMsT0FBTyxDQUFDLE1BQU0sQ0FBQyxDQUFDLENBQUMsQ0FBQyxDQUFDLENBQUMsQ0FBQyxDQUFDLENBQUMsQ0FBQyxDQUFDLENBQUMsQ0FBQyxDQUFDLENBQUMsQ0FBQyxDQUFDLENBQUMsQ0FBQyxDQUFDLFFBQVEsQ0FBQyxDQUFDLENBQUMsS0FBSyxDQUFDLENBQUMsQ0FBQyxDQUFDLENBQUMsQ0FBQyxDQUFDLENBQUMsUUFBUSxDQUFDLENBQUMsQ0FBQyxDQUFDLENBQUMsQ0FBQyxDQUFDLENBQUMsQ0FBQyxDQUFDLENBQUMsQ0FBQyxDQUFDLENBQUMsQ0FBQyxDQUFDLENBQUMsQ0FBQyxDQUFDLENBQUMsQ0FBQyxDQUFDLFNBQVMsQ0FBQyxRQUFRLENBQUMsQ0FBQyxDQUFDLElBQUksQ0FBQyxDQUFDLENBQUMsQ0FBQyxLQUFLLENBQUMsQ0FBQyxDQUFDLENBQUMsVUFBVSxDQUFDLENBQUMsQ0FBQyxDQUFDLENBQUMsQ0FBQyxJQUFJLENBQUMsQ0FBQyxDQUFDLElBQUksQ0FBQyxDQUFDLENBQUMsQ0FBQyxDQUFDLENBQUMsQ0FBQyxLQUFLLENBQUMsQ0FBQyxDQUFDLENBQUMsSUFBSSxDQUFDLE1BQU0sQ0FBQyxDQUFDLENBQUMsQ0FBQyxDQUFDLENBQUMsQ0FBQyxDQUFDLENBQUMsQ0FBQyxNQUFNLENBQUMsYUFBYSxDQUFDLENBQUMsQ0FBQyxDQUFDLENBQUMsQ0FBQyxDQUFDLENBQUMsQ0FBQyxDQUFDLENBQUMsQ0FBQyxDQUFDLENBQUMsQ0FBQyxDQUFDLENBQUMsQ0FBQyxVQUFVLENBQUMsQ0FBQyxDQUFDLENBQUMsTUFBTSxDQUFDLENBQUMsQ0FBQyxDQUFDLE1BQU0sQ0FBQyxDQUFDLENBQUMsQ0FBQyxDQUFDLENBQUMsQ0FBQyxDQUFDLENBQUMsQ0FBQyxDQUFDLENBQUMsQ0FBQyxDQUFDLENBQUMsQ0FBQyxJQUFJLENBQUMsQ0FBQyxDQUFDLEdBQUcsQ0FBQyxDQUFDLENBQUMsQ0FBQyxDQUFDLEtBQUssQ0FBQyxDQUFDLENBQUMsQ0FBQyxDQUFDLENBQUMsQ0FBQyxDQUFDLENBQUMsQ0FBQyxHQUFHLENBQUMsQ0FBQyxDQUFDLElBQUksQ0FBQyxDQUFDLEVBQUUsQ0FBQyxDQUFDLENBQUMsS0FBSyxDQUFDLENBQUMsQ0FBQyxDQUFDLFVBQVUsQ0FBQyxDQUFDLENBQUMsQ0FBQyxJQUFJLENBQUMsQ0FBQyxDQUFDLENBQUMsQ0FBQyxLQUFLLENBQUMsSUFBSSxDQUFDLENBQUMsQ0FBQyxDQUFDLENBQUMsQ0FBQyxDQUFDLENBQUMsQ0FBQyxDQUFDLENBQUMsQ0FBQyxDQUFDLE9BQU8sQ0FBQyxDQUFDLElBQUksQ0FBQyxDQUFDLE1BQU0sQ0FBQyxDQUFDLGFBQWEsQ0FBQyxDQUFDLENBQUMsQ0FBQyxDQUFDLENBQUMsQ0FBQyxDQUFDLE1BQU0sQ0FBQyxLQUFLLENBQUMsT0FBTyxDQUFDLGVBQWUsQ0FBQyxDQUFDLENBQUMsQ0FBQyxDQUFDLFlBQVksQ0FBQyxPQUFPLENBQUMsQ0FBQyxDQUFDLENBQUMsQ0FBQyxDQUFDLENBQUMsQ0FBQyxNQUFNLENBQUMsQ0FBQyxDQUFDLENBQUMsQ0FBQyxDQUFDLENBQUMsQ0FBQyxLQUFLLENBQUMsSUFBSSxDQUFDLENBQUMsT0FBTyxDQUFDLENBQUMsUUFBUSxDQUFDLENBQUMsZUFBZSxDQUFDLENBQUMsY0FBYyxDQUFDLENBQUMsQ0FBQyxDQUFDLElBQUksQ0FBQyxDQUFDLENBQUMsQ0FBQyxDQUFDLENBQUMsQ0FBQyxDQUFDLENBQUMsQ0FBQyxDQUFDLENBQUMsQ0FBQyxDQUFDLENBQUMsQ0FBQyxDQUFDLENBQUMsT0FBTyxDQUFDLE9BQU8sQ0FBQyxLQUFLLENBQUMsQ0FBQyxDQUFDLENBQUMsR0FBRyxDQUFDLENBQUMsSUFBSSxDQUFDO0FBQ253RCxNQUFNLENBQUMsS0FBSyxDQUFDLElBQUksQ0FBQyxDQUFDLEVBQUUsQ0FBQztBQUN0QixNQUFNLENBQUMsS0FBSyxDQUFDLGtCQUFrQixDQUFDLENBQUMsQ0FBQyxHQUFHLENBQUMsS0FBSyxDQUFDLE1BQU0sQ0FBQztBQUNuRCxNQUFNLENBQUMsS0FBSyxDQUFDLFlBQVksQ0FBQyxDQUFDLENBQUMsSUFBSSxDQUFDLENBQUMsQ0FBQyxDQUFDLE1BQU0sQ0FBQyxJQUFJLENBQUMsQ0FBQyxDQUFDLEVBQUUsQ0FBQyxDQUFDLENBQUMsTUFBTSxDQUFDLEdBQUcsQ0FBQyxJQUFJLENBQUMsQ0FBQyxJQUFJLENBQUMsTUFBTSxDQUFDLENBQUMsQ0FBQyxDQUFDLENBQUMsQ0FBQyxDQUFDLENBQUMsQ0FBQyxNQUFNLENBQUMsQ0FBQyxDQUFDLENBQUMsQ0FBQyxDQUFDLE1BQU0sQ0FBQyxDQUFDLENBQUMsR0FBRyxDQUFDLEtBQUssQ0FBQyxDQUFDLENBQUMsQ0FBQyxDQUFDLENBQUMsQ0FBQyxDQUFDLENBQUMsQ0FBQyxDQUFDLENBQUMsQ0FBQyxDQUFDLE9BQU8sQ0FBQyxDQUFDLENBQUMsQ0FBQyxDQUFDLENBQUMsQ0FBQyxDQUFDLENBQUMsQ0FBQyxDQUFDLElBQUksQ0FBQyxDQUFDLE1BQU0sQ0FBQyxDQUFDLENBQUMsTUFBTSxDQUFDLENBQUMsQ0FBQyxNQUFNLENBQUMsQ0FBQyxDQUFDLENBQUMsQ0FBQyxDQUFDLENBQUMsQ0FBQyxLQUFLLENBQUMsSUFBSSxDQUFDLENBQUMsQ0FBQyxJQUFJLENBQUMsQ0FBQyxDQUFDLE1BQU0sQ0FBQyxDQUFDLENBQUMsQ0FBQyxDQUFDLENBQUMsS0FBSyxDQUFDLENBQUMsQ0FBQyxNQUFNLENBQUMsQ0FBQyxDQUFDLENBQUMsQ0FBQyxDQUFDLEtBQUssQ0FBQyxDQUFDLENBQUMsQ0FBQyxDQUFDLENBQUMsWUFBWSxDQUFDLENBQUMsQ0FBQyxDQUFDLENBQUMsQ0FBQyxHQUFHLENBQUMsQ0FBQyxDQUFDLENBQUMsT0FBTyxDQUFDLENBQUMsQ0FBQyxDQUFDLENBQUMsUUFBUSxDQUFDLENBQUMsQ0FBQyxJQUFJLENBQUMsSUFBSSxDQUFDLElBQUksQ0FBQyxJQUFJLENBQUMsSUFBSSxDQUFDLElBQUksQ0FBQyxJQUFJLENBQUMsSUFBSSxDQUFDLElBQUksQ0FBQyxJQUFJLENBQUMsSUFBSSxDQUFDLElBQUksQ0FBQyxJQUFJLENBQUMsSUFBSSxDQUFDLElBQUksQ0FBQyxJQUFJLENBQUMsSUFBSSxDQUFDLElBQUksQ0FBQyxDQUFDLElBQUksQ0FBQyxJQUFJLENBQUMsSUFBSSxDQUFDLElBQUksQ0FBQyxJQUFJLENBQUMsSUFBSSxDQUFDLElBQUksQ0FBQyxJQUFJLENBQUMsSUFBSSxDQUFDLElBQUksQ0FBQyxJQUFJLENBQUMsSUFBSSxDQUFDLElBQUksQ0FBQyxJQUFJLENBQUMsSUFBSSxDQUFDLEtBQUssQ0FBQyxJQUFJLENBQUMsSUFBSSxDQUFDLElBQUksQ0FBQyxJQUFJLENBQUMsSUFBSSxDQUFDLElBQUksQ0FBQyxJQUFJLENBQUMsSUFBSSxDQUFDLElBQUksQ0FBQyxJQUFJLENBQUMsSUFBSSxDQUFDLElBQUksQ0FBQyxJQUFJLENBQUMsSUFBSSxDQUFDLElBQUksQ0FBQyxJQUFJLENBQUMsSUFBSSxDQUFDLElBQUksQ0FBQyxJQUFJLENBQUMsSUFBSSxDQUFDLElBQUksQ0FBQyxLQUFLLENBQUMsQ0FBQyxJQUFJLENBQUMsSUFBSSxDQUFDLElBQUksQ0FBQyxJQUFJLENBQUMsSUFBSSxDQUFDLElBQUksQ0FBQyxJQUFJLENBQUMsSUFBSSxDQUFDLElBQUksQ0FBQyxDQUFDLEtBQUssQ0FBQyxJQUFJLENBQUMsSUFBSSxDQUFDLElBQUksQ0FBQyxDQUFDLENBQUMsS0FBSyxDQUFDLENBQUMsQ0FBQyxDQUFDLENBQUMsQ0FBQyxPQUFPLENBQUMsQ0FBQyxDQUFDLENBQUMsS0FBSyxDQUFDLE1BQU0sQ0FBQyxDQUFDLENBQUMsQ0FBQztBQUN0ckIsTUFBTSxDQUFDLEtBQUssQ0FBQyxNQUFNLENBQUMsQ0FBQyxDQUFDLE1BQU0sQ0FBQyxJQUFJLENBQUMsQ0FBQyxDQUFDLEVBQUUsQ0FBQyxDQUFDLENBQUMsQ0FBQyxDQUFDLENBQUMsT0FBTyxDQUFDLEdBQUcsQ0FBQyxJQUFJLENBQUMsQ0FBQyxNQUFNLENBQUMsQ0FBQyxDQUFDLENBQUMsSUFBSSxDQUFDLE1BQU0sQ0FBQyxDQUFDLENBQUMsQ0FBQyxDQUFDLENBQUMsQ0FBQyxDQUFDLENBQUMsTUFBTSxDQUFDLENBQUMsQ0FBQyxDQUFDLENBQUMsQ0FBQyxNQUFNLENBQUMsQ0FBQyxDQUFDLEdBQUcsQ0FBQyxLQUFLLENBQUMsQ0FBQyxDQUFDLENBQUMsQ0FBQyxDQUFDLENBQUMsQ0FBQyxDQUFDLENBQUMsQ0FBQyxDQUFDLENBQUMsQ0FBQyxPQUFPLENBQUMsQ0FBQyxDQUFDLENBQUMsQ0FBQyxDQUFDLENBQUMsQ0FBQyxDQUFDLENBQUMsQ0FBQyxJQUFJLENBQUMsQ0FBQyxNQUFNLENBQUMsQ0FBQyxDQUFDLE1BQU0sQ0FBQyxDQUFDLENBQUMsTUFBTSxDQUFDLENBQUMsQ0FBQyxDQUFDLENBQUMsQ0FBQyxDQUFDLENBQUMsS0FBSyxDQUFDLElBQUksQ0FBQyxDQUFDLENBQUMsSUFBSSxDQUFDLENBQUMsQ0FBQyxDQUFDLENBQUMsQ0FBQyxDQUFDLENBQUMsSUFBSSxDQUFDLENBQUMsSUFBSSxDQUFDLENBQUMsQ0FBQyxDQUFDLE9BQU8sQ0FBQyxDQUFDLENBQUMsQ0FBQyxDQUFDLENBQUMsQ0FBQyxNQUFNLENBQUMsQ0FBQyxNQUFNLENBQUMsQ0FBQyxJQUFJLENBQUMsQ0FBQyxFQUFFLENBQUMsQ0FBQyxDQUFDLENBQUMsQ0FBQyxDQUFDLENBQUMsQ0FBQyxDQUFDLENBQUMsQ0FBQyxLQUFLLENBQUMsQ0FBQyxDQUFDLENBQUM7QUFDalMsTUFBTSxDQUFDLEtBQUssQ0FBQyxHQUFHLENBQUMsS0FBSztBQUN0QixNQUFNLENBQUMsS0FBSyxDQUFDLEtBQUssQ0FBQyxDQUFDLENBQUMsT0FBTyxDQUFDLENBQUMsQ0FBQyxDQUFDLEtBQUssQ0FBQyxDQUFDLENBQUMsQ0FBQyxlQUFlLENBQUMsQ0FBQyxLQUFLLENBQUMsQ0FBQyxDQUFDLENBQUMsS0FBSyxDQUFDLENBQUMsQ0FBQyxDQUFDLGVBQWUsQ0FBQyxDQUFDLENBQUMsTUFBTSxDQUFDLFNBQVMsQ0FBQyxDQUFDLENBQUMsQ0FBQyxLQUFLLENBQUMsQ0FBQyxDQUFDLENBQUMsZ0JBQWdCLENBQUMsQ0FBQyxDQUFDO0FBQzlJLE1BQU0sQ0FBQyxLQUFLLENBQUMsSUFBSSxDQUFDLENBQUMsQ0FBQyxDQUFDLElBQUksQ0FBQyxDQUFDLENBQUMsSUFBSSxDQUFDLENBQUMsQ0FBQyxXQUFXLENBQUMsQ0FBQyxDQUFDLElBQUksQ0FBQyxDQUFDLENBQUMsUUFBUSxDQUFDLENBQUMsS0FBSyxDQUFDLENBQUMsTUFBTSxDQUFDLENBQUMsS0FBSyxDQUFDLENBQUMsT0FBTyxDQUFDLENBQUMsS0FBSyxDQUFDLENBQUMsVUFBVSxDQUFDLENBQUMsS0FBSyxDQUFDLENBQUMsVUFBVSxDQUFDLENBQUMsSUFBSSxDQUFDLENBQUMsUUFBUSxDQUFDLENBQUMsSUFBSSxDQUFDLENBQUMsc0JBQXNCLENBQUMsQ0FBQyxLQUFLLENBQUMsQ0FBQyxDQUFDLENBQUMsSUFBSSxDQUFDLENBQUMsQ0FBQyxNQUFNLENBQUMsQ0FBQyxDQUFDLFdBQVcsQ0FBQyxDQUFDLElBQUksQ0FBQyxDQUFDLFFBQVEsQ0FBQyxDQUFDLEtBQUssQ0FBQyxDQUFDLE1BQU0sQ0FBQyxDQUFDLEtBQUssQ0FBQyxDQUFDLE9BQU8sQ0FBQyxDQUFDLEtBQUssQ0FBQyxDQUFDLFVBQVUsQ0FBQyxDQUFDLElBQUksQ0FBQyxDQUFDLFVBQVUsQ0FBQyxDQUFDLElBQUksQ0FBQyxDQUFDLFFBQVEsQ0FBQyxDQUFDLElBQUksQ0FBQyxDQUFDLHNCQUFzQixDQUFDLENBQUMsS0FBSyxDQUFDLENBQUM7QUFDcFcsTUFBTSxDQUFDLEtBQUssQ0FBQyxRQUFRLENBQUMsQ0FBQyxDQUFDOyJ9