export const code="button.svelte-d8vj6a{color:#000099}"
export const map=null
export default code
